[INFO] Scanning for projects...
[INFO] 
[INFO] -------------------------< com.epas:epas-cli >--------------------------
[INFO] Building Employee Pension Plan Administration System CLI 1.0-SNAPSHOT
[INFO]   from pom.xml
[INFO] --------------------------------[ jar ]---------------------------------
[INFO] 
[INFO] --- clean:3.2.0:clean (default-clean) @ epas-cli ---
[INFO] 
[INFO] --- resources:3.3.1:resources (default-resources) @ epas-cli ---
[INFO] Copying 0 resource from src\main\resources to target\classes
[INFO] 
[INFO] --- compiler:3.11.0:compile (default-compile) @ epas-cli ---
[INFO] Changes detected - recompiling the module! :source
[INFO] Compiling 3 source files with javac [debug target 17] to target\classes
[WARNING] system modules path not set in conjunction with -source 17
[INFO] 
[INFO] --- resources:3.3.1:testResources (default-testResources) @ epas-cli ---
[INFO] skip non existing resourceDirectory D:\pStuff\MIU\adv sw\assignments\lab2\epas-cli\src\test\resources
[INFO] 
[INFO] --- compiler:3.11.0:testCompile (default-testCompile) @ epas-cli ---
[INFO] Changes detected - recompiling the module! :dependency
[INFO] 
[INFO] --- surefire:3.2.5:test (default-test) @ epas-cli ---
[INFO] Tests are skipped.
[INFO] 
[INFO] --- jar:3.3.0:jar (default-jar) @ epas-cli ---
[INFO] Building jar: D:\pStuff\MIU\adv sw\assignments\lab2\epas-cli\target\epas-cli-1.0-SNAPSHOT.jar
[INFO] 
[INFO] --- shade:3.5.0:shade (default) @ epas-cli ---
[INFO] Including com.fasterxml.jackson.core:jackson-databind:jar:2.15.2 in the shaded jar.
[INFO] Including com.fasterxml.jackson.core:jackson-annotations:jar:2.15.2 in the shaded jar.
[INFO] Including com.fasterxml.jackson.core:jackson-core:jar:2.15.2 in the shaded jar.
[INFO] Including com.fasterxml.jackson.datatype:jackson-datatype-jsr310:jar:2.15.2 in the shaded jar.
[INFO] Dependency-reduced POM written at: D:\pStuff\MIU\adv sw\assignments\lab2\epas-cli\dependency-reduced-pom.xml
[WARNING] Discovered module-info.class. Shading will break its strong encapsulation.
[WARNING] jackson-core-2.15.2.jar, jackson-databind-2.15.2.jar, jackson-datatype-jsr310-2.15.2.jar define 1 overlapping classes: 
[WARNING]   - META-INF.versions.9.module-info
[WARNING] epas-cli-1.0-SNAPSHOT.jar, jackson-annotations-2.15.2.jar, jackson-core-2.15.2.jar, jackson-databind-2.15.2.jar, jackson-datatype-jsr310-2.15.2.jar define 1 overlapping resource: 
[WARNING]   - META-INF/MANIFEST.MF
[WARNING] jackson-annotations-2.15.2.jar, jackson-core-2.15.2.jar, jackson-databind-2.15.2.jar, jackson-datatype-jsr310-2.15.2.jar define 2 overlapping resources: 
[WARNING]   - META-INF/LICENSE
[WARNING]   - META-INF/NOTICE
[WARNING] maven-shade-plugin has detected that some files are
[WARNING] present in two or more JARs. When this happens, only one
[WARNING] single version of the file is copied to the uber jar.
[WARNING] Usually this is not harmful and you can skip these warnings,
[WARNING] otherwise try to manually exclude artifacts based on
[WARNING] mvn dependency:tree -Ddetail=true and the above output.
[WARNING] See https://maven.apache.org/plugins/maven-shade-plugin/
[INFO] Replacing original artifact with shaded artifact.
[INFO] Replacing D:\pStuff\MIU\adv sw\assignments\lab2\epas-cli\target\epas-cli-1.0-SNAPSHOT.jar with D:\pStuff\MIU\adv sw\assignments\lab2\epas-cli\target\epas-cli-1.0-SNAPSHOT-shaded.jar
[INFO] ------------------------------------------------------------------------
[INFO] BUILD SUCCESS
[INFO] ------------------------------------------------------------------------
[INFO] Total time:  4.806 s
[INFO] Finished at: 2026-03-31T23:51:13-05:00
[INFO] ------------------------------------------------------------------------
